    Checking cfg-if v1.0.4
    Checking subtle v2.6.1
    Checking windows-link v0.2.1
    Checking zeroize v1.9.0
    Checking memchr v2.8.3
    Checking typenum v1.20.1
    Checking rand_core v0.10.1
    Checking log v0.4.33
    Checking smallvec v1.15.2
    Checking itoa v1.0.18
    Checking bytes v1.12.1
    Checking serde_core v1.0.229
    Checking once_cell v1.21.4
    Checking num-traits v0.2.19
    Checking cmov v0.5.4
    Checking pin-project-lite v0.2.17
    Checking scopeguard v1.2.0
    Checking windows-sys v0.61.2
    Checking const-oid v0.10.2
    Checking stable_deref_trait v1.2.1
    Checking futures-core v0.3.33
    Checking parking_lot_core v0.9.12
    Checking libc v0.2.189
    Checking crossbeam-utils v0.8.22
    Checking lock_api v0.4.14
    Checking getrandom v0.4.3
    Checking futures-sink v0.3.33
    Checking thiserror v2.0.19
    Checking zerofrom v0.1.8
    Checking equivalent v1.0.2
    Checking slab v0.4.12
    Checking futures-channel v0.3.33
    Checking zerocopy v0.8.54
    Checking ctutils v0.4.2
    Checking zmij v1.0.23
    Checking base64ct v1.8.3
    Checking parking_lot v0.12.5
    Checking httparse v1.10.1
    Checking tracing-core v0.1.36
    Checking yoke v0.8.3
    Checking crossbeam-epoch v0.9.20
    Checking futures-task v0.3.33
    Checking cpufeatures v0.3.0
    Checking http v1.4.2
    Checking bitflags v2.13.0
    Checking futures-io v0.3.33
    Checking hashbrown v0.17.1
    Checking cpubits v0.1.1
    Checking percent-encoding v2.3.2
    Checking winapi v0.3.9
    Checking crossbeam-deque v0.8.7
    Checking getrandom v0.3.4
    Checking hybrid-array v0.4.13
    Checking generic-array v0.14.7
    Checking futures-util v0.3.33
    Checking tracing v0.1.44
    Checking zerovec v0.11.6
    Checking either v1.16.0
    Checking pem-rfc7468 v1.0.0
    Checking anyhow v1.0.104
    Checking litemap v0.8.2
    Checking rayon-core v1.13.0
    Checking der v0.8.1
    Checking tower-service v0.3.3
    Checking writeable v0.6.3
    Checking http-body v1.1.0
    Checking simd-adler32 v0.3.10
    Checking rand_core v0.9.5
    Checking zerotrie v0.2.4
    Checking indexmap v2.14.0
    Checking num-integer v0.1.46
    Checking tinystr v0.8.3
    Checking potential_utf v0.1.5
    Checking block-buffer v0.10.4
    Checking crypto-common v0.1.7
    Checking crypto-common v0.2.2
    Checking block-buffer v0.12.1
    Checking rustls-pki-types v1.15.0
    Checking atomic-waker v1.1.2
    Checking base64 v0.22.1
    Checking fnv v1.0.7
    Checking icu_locale_core v2.2.0
    Checking rayon v1.12.0
    Checking try-lock v0.2.5
    Checking utf8_iter v1.0.4
    Checking digest v0.10.7
    Checking want v0.3.1
    Checking crc32fast v1.5.0
    Checking aho-corasick v1.1.4
    Checking icu_collections v2.2.0
    Checking windows-result v0.4.1
    Checking windows-strings v0.5.1
    Checking getrandom v0.2.17
    Checking serde v1.0.229
    Checking serde_json v1.0.151
    Checking httpdate v1.0.3
    Checking untrusted v0.9.0
    Checking regex-syntax v0.8.11
    Checking digest v0.11.3
    Checking adler2 v2.0.1
    Checking windows-registry v0.6.1
    Checking ring v0.17.14
    Checking equator v0.4.2
    Checking miniz_oxide v0.8.9
    Checking icu_normalizer_data v2.2.0
    Checking icu_provider v2.2.0
    Checking icu_properties_data v2.2.0
    Checking inout v0.2.2
    Checking form_urlencoded v1.2.2
    Checking sync_wrapper v1.0.2
    Checking bytemuck v1.25.1
    Checking ryu v1.0.23
    Checking ipnet v2.12.0
    Checking arrayvec v0.7.8
    Checking cpufeatures v0.2.17
    Checking tower-layer v0.3.3
   Compiling darling_core v0.20.11
    Checking icu_properties v2.2.0
    Checking icu_normalizer v2.2.0
    Checking aligned-vec v0.6.4
    Checking num-bigint v0.4.8
    Checking http-body-util v0.1.4
   Compiling byteorder v1.5.0
    Checking v_frame v0.3.9
    Checking rustls-webpki v0.103.13
   Compiling socks v0.3.4
   Compiling webpki-root-certs v1.0.8
    Checking num-complex v0.4.6
    Checking flate2 v1.1.9
    Checking regex-automata v0.4.16
    Checking cipher v0.5.2
    Checking num-rational v0.4.2
    Checking universal-hash v0.6.1
    Checking rustls v0.23.42
    Checking idna_adapter v1.2.2
    Checking itertools v0.14.0
    Checking chacha20 v0.10.1
    Checking as-slice v0.2.1
    Checking mime v0.3.17
   Compiling utf8-zero v0.8.1
   Compiling ureq-proto v0.6.0
    Checking aligned v0.4.3
    Checking rand v0.10.2
    Checking idna v1.1.0
    Checking polyval v0.7.2
    Checking serde_urlencoded v0.7.1
    Checking webpki-roots v1.0.8
    Checking ppv-lite86 v0.2.21
    Checking no_std_io2 v0.9.4
    Checking nom v8.0.0
    Checking once_cell_polyfill v1.70.2
    Checking anstyle v1.0.14
    Checking utf8parse v0.2.2
    Checking allocator-api2 v0.2.21
    Checking quick-error v2.0.1
    Checking y4m v0.8.0
    Checking anstyle-parse v1.0.0
    Checking rand_chacha v0.9.0
    Checking bitstream-io v4.10.0
    Checking profiling v1.0.18
    Checking ghash v0.6.0
    Checking av-scenechange v0.14.1
    Checking url v2.5.8
    Checking half v2.7.1
    Checking rand v0.9.5
    Checking libm v0.2.16
    Checking windows_x86_64_msvc v0.48.5
    Checking maybe-rayon v0.1.1
    Checking aes v0.9.1
    Checking ctr v0.10.1
    Checking aead v0.6.1
    Checking regex v1.13.1
    Checking raw-cpuid v11.6.0
    Checking instant v0.1.13
    Checking unicode-width v0.2.2
    Checking rawpointer v0.2.1
    Checking pulp-wasm-simd-flag v0.1.1
    Checking new_debug_unreachable v1.0.6
    Checking reborrow v0.5.5
    Checking is_terminal_polyfill v1.70.2
    Checking minimal-lexical v0.2.1
    Checking weezl v0.1.12
    Checking option-ext v0.2.0
    Checking colorchoice v1.0.5
   Compiling ucd-trie v0.1.7
    Checking imgref v1.12.2
    Checking zune-core v0.5.1
    Checking encode_unicode v1.0.0
    Checking env_filter v2.0.0
    Checking aes-gcm v0.11.0
    Checking nom v7.1.3
    Checking matrixmultiply v0.3.11
    Checking loop9 v0.1.5
    Checking parking_lot_core v0.8.6
    Checking windows-targets v0.48.5
    Checking zune-jpeg v0.5.15
    Checking onig_sys v69.9.3
    Checking castaway v0.2.4
    Checking portable-atomic v1.13.1
    Checking avif-serialize v0.8.9
   Compiling pest v2.8.7
    Checking sha2 v0.11.0
    Checking blake2 v0.10.6
   Compiling schannel v0.1.29
    Checking zune-inflate v0.2.54
    Checking fdeflate v0.3.7
    Checking encoding_rs v0.8.35
    Checking jiff v0.2.32
    Checking fastrand v2.4.1
    Checking fax v0.2.7
   Compiling darling_macro v0.20.11
    Checking bit_field v0.10.3
    Checking rand_core v0.6.4
    Checking byteorder-lite v0.1.0
   Compiling native-tls v0.2.18
    Checking foldhash v0.2.0
    Checking pxfm v0.1.30
    Checking unicode-segmentation v1.13.3
    Checking color_quant v1.1.0
    Checking pulp v0.22.3
    Checking rgb v0.8.53
    Checking sha1_smol v1.0.1
   Compiling ureq v3.3.0
    Checking socket2 v0.6.5
    Checking mio v1.2.2
    Checking anstyle-wincon v3.0.11
   Compiling darling v0.20.11
    Checking av1-grain v0.2.5
    Checking anstyle-query v1.1.5
    Checking console v0.16.4
    Checking dirs-sys v0.5.0
    Checking static_assertions v1.1.0
    Checking anstream v1.0.0
    Checking unit-prefix v0.5.2
    Checking base64 v0.13.1
   Compiling derive_builder_core v0.20.2
    Checking lebe v0.5.3
    Checking macro_rules_attribute v0.2.2
    Checking compact_str v0.9.1
    Checking indicatif v0.18.6
    Checking dirs v6.0.0
    Checking rav1e v0.8.1
    Checking spm_precompiled v0.1.4
   Compiling pest_meta v2.8.7
    Checking uuid v1.24.0
    Checking gif v0.14.2
    Checking tokio v1.53.1
    Checking tempfile v3.27.0
    Checking hashbrown v0.16.1
    Checking image-webp v0.2.4
    Checking tiff v0.11.3
    Checking password-hash v0.5.0
    Checking png v0.18.1
    Checking monostate v0.1.18
    Checking ndarray v0.17.2
    Checking parking_lot v0.11.2
    Checking onig v6.5.3
    Checking windows v0.48.0
    Checking ahash v0.8.12
    Checking esaxx-rs v0.1.10
   Compiling derive_builder_macro v0.20.2
    Checking futures-executor v0.3.33
    Checking rayon-cond v0.4.0
    Checking fxhash v0.2.1
    Checking qoi v0.4.1
    Checking dary_heap v0.3.9
    Checking chrono v0.4.45
    Checking hmac v0.13.0
    Checking fs2 v0.4.3
    Checking cpu-time v1.0.0
    Checking combine v4.6.7
    Checking ff v0.14.0
    Checking unicode-normalization-alignments v0.1.12
    Checking unicode_categories v0.1.1
    Checking foldhash v0.1.5
    Checking moxcms v0.8.1
    Checking derive_builder v0.20.2
   Compiling siphasher v1.0.3
    Checking env_logger v0.11.11
    Checking base64 v0.23.0
    Checking widestring v1.2.1
    Checking hashbrown v0.14.5
    Checking num_cpus v1.17.0
    Checking data-encoding v2.11.0
    Checking lazy_static v1.5.0
   Compiling phf_shared v0.11.3
    Checking tokenizers v0.22.2
   Compiling ort-sys v2.0.0-rc.12
    Checking anndists v0.1.5
    Checking hashbrown v0.15.5
    Checking sled v0.34.7
    Checking futures v0.3.33
    Checking dashmap v6.2.1
   Compiling pest_generator v2.8.7
    Checking safetensors v0.8.0
    Checking argon2 v0.5.3
    Checking exr v1.74.2
    Checking bincode v1.3.3
    Checking crypto-bigint v0.7.5
   Compiling phf_generator v0.11.3
    Checking group v0.14.0
    Checking sha1 v0.10.7
    Checking spki v0.8.0
    Checking dyn-clone v1.0.20
    Checking base16ct v1.0.0
    Checking pkcs8 v0.11.0
   Compiling pest_derive v2.8.7
    Checking sec1 v0.8.1
    Checking tungstenite v0.29.0
    Checking schemars v0.8.22
   Compiling phf_macros v0.11.3
    Checking windows_x86_64_msvc v0.53.1
    Checking hkdf v0.13.0
    Checking winapi-util v0.1.11
    Checking sha1 v0.11.0
    Checking ravif v0.13.0
    Checking px-grammar v0.0.0 (https://github.com/plures/praxis-lang.git?rev=37be99e95f2db8e530ea7dd24ec2d0b01113ceeb#37be99e9)
    Checking axum-core v0.5.6
    Checking windows-targets v0.53.5
    Checking serde_path_to_error v0.1.20
    Checking elliptic-curve v0.14.1
    Checking same-file v1.0.6
    Checking winnow v0.7.15
    Checking mmap-rs v0.7.0
    Checking tungstenite v0.30.0
    Checking matchit v0.8.4
    Checking walkdir v2.5.0
    Checking image v0.25.10
    Checking windows-sys v0.60.2
    Checking primefield v0.14.0
    Checking ort v2.0.0-rc.12
    Checking rfc6979 v0.6.0
    Checking wnaf v0.14.0
    Checking signature v3.0.0
    Checking notify-types v2.1.0
    Checking serde_spanned v0.6.9
    Checking toml_datetime v0.6.3
    Checking phf v0.11.3
    Checking px-ast v0.0.0 (https://github.com/plures/praxis-lang.git?rev=37be99e95f2db8e530ea7dd24ec2d0b01113ceeb#37be99e9)
    Checking ecdsa v0.17.0
    Checking winnow v0.5.40
    Checking pbkdf2 v0.13.0
    Checking hnsw_rs v0.3.4
    Checking primeorder v0.14.0
    Checking arrayref v0.3.9
    Checking constant_time_eq v0.4.2
    Checking pares-radix-privacy v1.55.58 (C:\Projects\wt-radix-recall-op-emission\crates\privacy)
    Checking sha2 v0.10.9
    Checking blake3 v1.8.5
    Checking hostname v0.4.2
    Checking semver v1.0.28
    Checking regex-lite v0.1.9
    Checking p256 v0.14.0
    Checking cron v0.17.0
    Checking notify v8.2.0
    Checking tokio-util v0.7.18
    Checking tower v0.5.3
    Checking tokio-rustls v0.26.4
    Checking tokio-native-tls v0.3.1
    Checking pluresdb-storage v3.10.3 (https://github.com/plures/pluresdb?rev=2af92b1923e11e41c9103ad8f14900b179d839f6#2af92b19)
    Checking tokio-tungstenite v0.29.0
    Checking tokio-tungstenite v0.30.0
    Checking toml_edit v0.20.2
    Checking pluresdb-sea v3.10.3 (https://github.com/plures/pluresdb?rev=2af92b1923e11e41c9103ad8f14900b179d839f6#2af92b19)
    Checking h2 v0.4.15
    Checking tower-http v0.6.11
    Checking px-compiler v0.0.0 (https://github.com/plures/praxis-lang.git?rev=37be99e95f2db8e530ea7dd24ec2d0b01113ceeb#37be99e9)
    Checking toml v0.8.2
    Checking px-eval v0.0.0 (https://github.com/plures/praxis-lang.git?rev=37be99e95f2db8e530ea7dd24ec2d0b01113ceeb#37be99e9)
    Checking hyper v1.10.1
    Checking hyper-util v0.1.20
    Checking hyper-rustls v0.27.9
    Checking hyper-tls v0.6.0
    Checking axum v0.8.9
    Checking reqwest v0.12.28
    Checking hf-hub v0.5.0
    Checking fastembed v5.17.2
    Checking pluresdb-core v3.10.3 (https://github.com/plures/pluresdb?rev=2af92b1923e11e41c9103ad8f14900b179d839f6#2af92b19)
    Checking pluresdb-procedures v3.10.3 (https://github.com/plures/pluresdb?rev=2af92b1923e11e41c9103ad8f14900b179d839f6#2af92b19)
    Checking pluresdb-sync v3.10.3 (https://github.com/plures/pluresdb?rev=2af92b1923e11e41c9103ad8f14900b179d839f6#2af92b19)
    Checking pluresdb v3.10.3 (https://github.com/plures/pluresdb?rev=2af92b1923e11e41c9103ad8f14900b179d839f6#2af92b19)
    Checking pares-radix-audit v1.55.58 (C:\Projects\wt-radix-recall-op-emission\crates\audit)
    Checking pluresdb-px v3.10.3 (https://github.com/plures/pluresdb?rev=2af92b1923e11e41c9103ad8f14900b179d839f6#2af92b19)
    Checking pares-radix-praxis v1.55.58 (C:\Projects\wt-radix-recall-op-emission\crates\praxis)
    Checking pares-radix-core v1.55.58 (C:\Projects\wt-radix-recall-op-emission\crates\radix-core)
    Finished `dev` profile [unoptimized + debuginfo] target(s) in 1m 10s
